#-----------------------------------------------------------
# Webtalk v2018.1 (64-bit)
# SW Build 2188600 on Wed Apr  4 18:40:38 MDT 2018
# IP Build 2185939 on Wed Apr  4 20:55:05 MDT 2018
# Start of session at: Mon Aug  9 16:05:47 2021
# Process ID: 20372
# Current directory: C:/Users/ema11/Documents/Angie/Disp Programables/Decodificador7segmentos/Decodificador7segmentos.sim/sim_1/behav/xsim
# Command line: wbtcv.exe -mode batch -source C:/Users/ema11/Documents/Angie/Disp Programables/Decodificador7segmentos/Decodificador7segmentos.sim/sim_1/behav/xsim/xsim.dir/dec7seg_tb_behav/webtalk/xsim_webtalk.tcl -notrace
# Log file: C:/Users/ema11/Documents/Angie/Disp Programables/Decodificador7segmentos/Decodificador7segmentos.sim/sim_1/behav/xsim/webtalk.log
# Journal file: C:/Users/ema11/Documents/Angie/Disp Programables/Decodificador7segmentos/Decodificador7segmentos.sim/sim_1/behav/xsim\webtalk.jou
#-----------------------------------------------------------
source C:/Users/ema11/Documents/Angie/Disp -notrace
